input/0.in
input/1.in
input/2.in
input/3.in
input/4.in
input/5.in
input/6.in
input/7.in
input/8.in
input/9.in
input/10.in
input/11.in
input/12.in
input/13.in
input/14.in
input/15.in
input/16.in
input/17.in
input/18.in
input/19.in
input/20.in
input/21.in
input/22.in
input/23.in
input/24.in
input/25.in
input/26.in
input/27.in
input/28.in
input/29.in
input/30.in
input/31.in
input/32.in
input/33.in
input/34.in
input/35.in
input/36.in
input/37.in
input/38.in
input/39.in
input/40.in
input/41.in
input/42.in
input/43.in
input/44.in
input/45.in
input/46.in
input/47.in
input/48.in
input/49.in
input/50.in
input/51.in
input/52.in
input/53.in
input/54.in
input/55.in
input/56.in
input/57.in
input/58.in
input/59.in
input/60.in
input/61.in
input/62.in
input/63.in
input/64.in
input/65.in
input/66.in
input/67.in
input/68.in
input/69.in
input/70.in
input/71.in
input/72.in
input/73.in
input/74.in
input/75.in
input/76.in
input/77.in
input/78.in
input/79.in
input/80.in
input/81.in
input/82.in
input/83.in
input/84.in
input/85.in
input/86.in
input/87.in
input/88.in
input/89.in
input/90.in
input/91.in
input/92.in
input/93.in
input/94.in
input/95.in
input/96.in
input/97.in
input/98.in
input/99.in
input/100.in
input/101.in
input/102.in
input/103.in
input/104.in
input/105.in
input/106.in
input/107.in
input/108.in
input/109.in
input/110.in
input/111.in
input/112.in
input/113.in
input/114.in
input/115.in
input/116.in
input/117.in
input/118.in
input/119.in
input/120.in
input/121.in
input/122.in
input/123.in
input/124.in
input/125.in
input/126.in
input/127.in